[2026-09-03T07:14:48.330489+00:00] D:\stm32cubeclt\STM32CubeCLT_1.19.0\STM32CubeProgrammer\bin\STM32_Programmer_CLI.exe -c port=SWD sn=3E3703013212354D434B4E00 freq=4000 -w D:\STM32cubemx\Project\ros\build\LocalSessionSmoke\ros.elf -v -rst -run
      -------------------------------------------------------------------
                       STM32CubeProgrammer v2.20.0                  
      -------------------------------------------------------------------

ST-LINK SN  : 3E3703013212354D434B4E00
ST-LINK FW  : V2J46S7
Board       : --
Voltage     : 3.19V
SWD freq    : 4000 KHz
Connect mode: Normal
Reset mode  : Software reset
Device ID   : 0x413
Revision ID : --
Device name : STM32F405xx/F407xx/F415xx/F417xx
Flash size  : 512 KBytes
Device type : MCU
Device CPU  : Cortex-M4
BL Version  : 0x91



Opening and parsing file: ros.elf


Memory Programming ...
  File          : ros.elf
  Size          : 7.95 KB 
  Address       : 0x08000000


Erasing memory corresponding to segment 0:
Erasing internal memory sector 0
Download in Progress:
北北北北北北北北北北北北北北北北北北北北北北北北北 0%
圹圹圹圹圹圹圹圹圹圹圹圹圹圹圹圹圹圹圹圹圹圹圹圹圹 100%

File download complete
Time elapsed during download operation: 00:00:00.405



Verifying...


Read progress:
北北北北北北北北北北北北北北北北北北北北北北北北北 50%
圹圹圹圹圹圹圹圹圹圹圹圹圹圹圹圹圹圹圹圹圹圹圹圹圹 100%

Time elapsed during verifying operation: 00:00:00.051


Download verified successfully 



MCU Reset

Software reset is performed
Core run


[2026-09-03T07:14:52.759097+00:00] D:\stm32cubeclt\STM32CubeCLT_1.19.0\STM32CubeProgrammer\bin\STM32_Programmer_CLI.exe -c port=SWD sn=3E3703013212354D434B4E00 freq=4000
      -------------------------------------------------------------------
                       STM32CubeProgrammer v2.20.0                  
      -------------------------------------------------------------------

ST-LINK SN  : 3E3703013212354D434B4E00
ST-LINK FW  : V2J46S7
Board       : --
Voltage     : 3.20V
SWD freq    : 4000 KHz
Connect mode: Normal
Reset mode  : Software reset
Device ID   : 0x413
Revision ID : --
Device name : STM32F405xx/F407xx/F415xx/F417xx
Flash size  : 512 KBytes
Device type : MCU
Device CPU  : Cortex-M4
BL Version  : 0x91



[2026-09-03T07:14:52.836290+00:00] D:\stm32cubeclt\STM32CubeCLT_1.19.0\STM32CubeProgrammer\bin\STM32_Programmer_CLI.exe -c port=SWD sn=3E3703013212354D434B4E00 freq=4000 -w D:\STM32cubemx\Project\ros\build\Debug\ros.elf -v -rst -run
      -------------------------------------------------------------------
                       STM32CubeProgrammer v2.20.0                  
      -------------------------------------------------------------------

ST-LINK SN  : 3E3703013212354D434B4E00
ST-LINK FW  : V2J46S7
Board       : --
Voltage     : 3.20V
SWD freq    : 4000 KHz
Connect mode: Normal
Reset mode  : Software reset
Device ID   : 0x413
Revision ID : --
Device name : STM32F405xx/F407xx/F415xx/F417xx
Flash size  : 512 KBytes
Device type : MCU
Device CPU  : Cortex-M4
BL Version  : 0x91



Opening and parsing file: ros.elf


Memory Programming ...
  File          : ros.elf
  Size          : 40.28 KB 
  Address       : 0x08000000


Erasing memory corresponding to segment 0:
Erasing internal memory sectors [0 2]
Download in Progress:
北北北北北北北北北北北北北北北北北北北北北北北北北 0%
圹圹圹圹圹圹圹圹圹圹圹圹圹圹圹圹圹圹圹圹圹圹圹圹圹 100%

File download complete
Time elapsed during download operation: 00:00:01.215



Verifying...


Read progress:
北北北北北北北北北北北北北北北北北北北北北北北北北 50%
圹圹圹圹圹圹圹圹圹圹圹圹圹圹圹圹圹圹圹圹圹圹圹圹圹 100%

Time elapsed during verifying operation: 00:00:00.259


Download verified successfully 



MCU Reset

Software reset is performed
Core run

